Picked up JAVA_TOOL_OPTIONS: -Xmx8g -XX:+ExitOnOutOfMemoryError -XX:ErrorFile=/home/augustus/acgn-v215-full-20260908T190500Z/control/logs/hs_err_pid%p.log -Djava.io.tmpdir=/home/augustus/acgn-v215-full-20260908T190500Z/control/tmp
EGraphAblationStudy/slotted-egraph: processing 5,500 files with 16 workers.
EGraphAblationStudy/slotted-egraph: 275/5,500 complete (5.0%), 722.45 files/s, ETA 0m 07s.
EGraphAblationStudy/slotted-egraph: 550/5,500 complete (10.0%), 1073.75 files/s, ETA 0m 05s.
EGraphAblationStudy/slotted-egraph: 825/5,500 complete (15.0%), 1300.52 files/s, ETA 0m 04s.
EGraphAblationStudy/slotted-egraph: 1,100/5,500 complete (20.0%), 1455.58 files/s, ETA 0m 03s.
EGraphAblationStudy/slotted-egraph: 1,375/5,500 complete (25.0%), 1574.57 files/s, ETA 0m 03s.
EGraphAblationStudy/slotted-egraph: 1,650/5,500 complete (30.0%), 1682.54 files/s, ETA 0m 02s.
EGraphAblationStudy/slotted-egraph: 1,925/5,500 complete (35.0%), 1749.28 files/s, ETA 0m 02s.
EGraphAblationStudy/slotted-egraph: 2,200/5,500 complete (40.0%), 1821.95 files/s, ETA 0m 02s.
EGraphAblationStudy/slotted-egraph: 2,475/5,500 complete (45.0%), 1885.43 files/s, ETA 0m 02s.
EGraphAblationStudy/slotted-egraph: 2,750/5,500 complete (50.0%), 1943.70 files/s, ETA 0m 01s.
EGraphAblationStudy/slotted-egraph: 3,025/5,500 complete (55.0%), 2001.23 files/s, ETA 0m 01s.
EGraphAblationStudy/slotted-egraph: 3,300/5,500 complete (60.0%), 2051.23 files/s, ETA 0m 01s.
EGraphAblationStudy/slotted-egraph: 3,575/5,500 complete (65.0%), 2096.23 files/s, ETA 0m 01s.
EGraphAblationStudy/slotted-egraph: 3,850/5,500 complete (70.0%), 2133.09 files/s, ETA 0m 01s.
EGraphAblationStudy/slotted-egraph: 4,125/5,500 complete (75.0%), 2175.66 files/s, ETA 0m 01s.
EGraphAblationStudy/slotted-egraph: 4,400/5,500 complete (80.0%), 2191.62 files/s, ETA 0m 01s.
EGraphAblationStudy/slotted-egraph: 4,675/5,500 complete (85.0%), 2218.77 files/s, ETA 0m 00s.
EGraphAblationStudy/slotted-egraph: 4,950/5,500 complete (90.0%), 2245.00 files/s, ETA 0m 00s.
EGraphAblationStudy/slotted-egraph: 5,225/5,500 complete (95.0%), 2272.62 files/s, ETA 0m 00s.
EGraphAblationStudy/slotted-egraph: 5,500/5,500 complete (100.0%), 2298.27 files/s, ETA 0m 00s.
EGraphAblationStudy/slotted-egraph/retry: processing 0 files.
EGraphAblationStudy/slotted-egraph/retry: 0/0 complete (100.0%), 0.00 files/s, ETA 0m 00s.
Completed slotted-egraph on 5500/5500 predicate pairs (skipped 0 AST-identical pairs) in 2.401 s.
