Picked up JAVA_TOOL_OPTIONS: -Xmx8g -XX:+ExitOnOutOfMemoryError -XX:ErrorFile=/home/augustus/acgn-v215-full-20260908T190500Z/control/logs/hs_err_pid%p.log -Djava.io.tmpdir=/home/augustus/acgn-v215-full-20260908T190500Z/control/tmp
EGraphAblationStudy/java-egglog: processing 5,500 files with 16 workers.
EGraphAblationStudy/java-egglog: 275/5,500 complete (5.0%), 860.50 files/s, ETA 0m 06s.
EGraphAblationStudy/java-egglog: 550/5,500 complete (10.0%), 1156.89 files/s, ETA 0m 04s.
EGraphAblationStudy/java-egglog: 825/5,500 complete (15.0%), 1372.70 files/s, ETA 0m 03s.
EGraphAblationStudy/java-egglog: 1,100/5,500 complete (20.0%), 1521.32 files/s, ETA 0m 03s.
EGraphAblationStudy/java-egglog: 1,375/5,500 complete (25.0%), 1645.40 files/s, ETA 0m 03s.
EGraphAblationStudy/java-egglog: 1,650/5,500 complete (30.0%), 1749.01 files/s, ETA 0m 02s.
EGraphAblationStudy/java-egglog: 1,925/5,500 complete (35.0%), 1815.97 files/s, ETA 0m 02s.
EGraphAblationStudy/java-egglog: 2,200/5,500 complete (40.0%), 1889.51 files/s, ETA 0m 02s.
EGraphAblationStudy/java-egglog: 2,475/5,500 complete (45.0%), 1954.19 files/s, ETA 0m 02s.
EGraphAblationStudy/java-egglog: 2,750/5,500 complete (50.0%), 2012.05 files/s, ETA 0m 01s.
EGraphAblationStudy/java-egglog: 3,025/5,500 complete (55.0%), 2070.57 files/s, ETA 0m 01s.
EGraphAblationStudy/java-egglog: 3,300/5,500 complete (60.0%), 2119.72 files/s, ETA 0m 01s.
EGraphAblationStudy/java-egglog: 3,575/5,500 complete (65.0%), 2157.28 files/s, ETA 0m 01s.
EGraphAblationStudy/java-egglog: 3,850/5,500 complete (70.0%), 2186.41 files/s, ETA 0m 01s.
EGraphAblationStudy/java-egglog: 4,125/5,500 complete (75.0%), 2211.98 files/s, ETA 0m 01s.
EGraphAblationStudy/java-egglog: 4,400/5,500 complete (80.0%), 2225.77 files/s, ETA 0m 00s.
EGraphAblationStudy/java-egglog: 4,675/5,500 complete (85.0%), 2248.02 files/s, ETA 0m 00s.
EGraphAblationStudy/java-egglog: 4,950/5,500 complete (90.0%), 2274.51 files/s, ETA 0m 00s.
EGraphAblationStudy/java-egglog: 5,225/5,500 complete (95.0%), 2302.10 files/s, ETA 0m 00s.
EGraphAblationStudy/java-egglog: 5,500/5,500 complete (100.0%), 2324.12 files/s, ETA 0m 00s.
EGraphAblationStudy/java-egglog/retry: processing 0 files.
EGraphAblationStudy/java-egglog/retry: 0/0 complete (100.0%), 0.00 files/s, ETA 0m 00s.
Completed java-egglog on 5500/5500 predicate pairs (skipped 0 AST-identical pairs) in 2.374 s.
