Picked up JAVA_TOOL_OPTIONS: -Xmx8g -XX:+ExitOnOutOfMemoryError -XX:ErrorFile=/home/augustus/acgn-v215-full-20260908T190500Z/control/logs/hs_err_pid%p.log -Djava.io.tmpdir=/home/augustus/acgn-v215-full-20260908T190500Z/control/tmp
EGraphAblationStudy/raw-egraph-debruijn: processing 5,500 files with 16 workers.
EGraphAblationStudy/raw-egraph-debruijn: 275/5,500 complete (5.0%), 818.22 files/s, ETA 0m 06s.
EGraphAblationStudy/raw-egraph-debruijn: 550/5,500 complete (10.0%), 1144.44 files/s, ETA 0m 04s.
EGraphAblationStudy/raw-egraph-debruijn: 825/5,500 complete (15.0%), 1395.50 files/s, ETA 0m 03s.
EGraphAblationStudy/raw-egraph-debruijn: 1,100/5,500 complete (20.0%), 1570.37 files/s, ETA 0m 03s.
EGraphAblationStudy/raw-egraph-debruijn: 1,375/5,500 complete (25.0%), 1689.03 files/s, ETA 0m 02s.
EGraphAblationStudy/raw-egraph-debruijn: 1,650/5,500 complete (30.0%), 1798.38 files/s, ETA 0m 02s.
EGraphAblationStudy/raw-egraph-debruijn: 1,925/5,500 complete (35.0%), 1856.70 files/s, ETA 0m 02s.
EGraphAblationStudy/raw-egraph-debruijn: 2,200/5,500 complete (40.0%), 1928.53 files/s, ETA 0m 02s.
EGraphAblationStudy/raw-egraph-debruijn: 2,475/5,500 complete (45.0%), 1992.94 files/s, ETA 0m 02s.
EGraphAblationStudy/raw-egraph-debruijn: 2,750/5,500 complete (50.0%), 2053.77 files/s, ETA 0m 01s.
EGraphAblationStudy/raw-egraph-debruijn: 3,025/5,500 complete (55.0%), 2111.96 files/s, ETA 0m 01s.
EGraphAblationStudy/raw-egraph-debruijn: 3,300/5,500 complete (60.0%), 2158.55 files/s, ETA 0m 01s.
EGraphAblationStudy/raw-egraph-debruijn: 3,575/5,500 complete (65.0%), 2197.05 files/s, ETA 0m 01s.
EGraphAblationStudy/raw-egraph-debruijn: 3,850/5,500 complete (70.0%), 2233.54 files/s, ETA 0m 01s.
EGraphAblationStudy/raw-egraph-debruijn: 4,125/5,500 complete (75.0%), 2256.41 files/s, ETA 0m 01s.
EGraphAblationStudy/raw-egraph-debruijn: 4,400/5,500 complete (80.0%), 2282.53 files/s, ETA 0m 00s.
EGraphAblationStudy/raw-egraph-debruijn: 4,675/5,500 complete (85.0%), 2303.73 files/s, ETA 0m 00s.
EGraphAblationStudy/raw-egraph-debruijn: 4,950/5,500 complete (90.0%), 2327.49 files/s, ETA 0m 00s.
EGraphAblationStudy/raw-egraph-debruijn: 5,225/5,500 complete (95.0%), 2354.12 files/s, ETA 0m 00s.
EGraphAblationStudy/raw-egraph-debruijn: 5,500/5,500 complete (100.0%), 2379.36 files/s, ETA 0m 00s.
EGraphAblationStudy/raw-egraph-debruijn/retry: processing 0 files.
EGraphAblationStudy/raw-egraph-debruijn/retry: 0/0 complete (100.0%), 0.00 files/s, ETA 0m 00s.
Completed raw-egraph-debruijn on 5500/5500 predicate pairs (skipped 0 AST-identical pairs) in 2.319 s.
