Picked up JAVA_TOOL_OPTIONS: -Xmx8g -XX:+ExitOnOutOfMemoryError -XX:ErrorFile=/home/augustus/acgn-v215-full-20260908T190500Z/control/logs/hs_err_pid%p.log -Djava.io.tmpdir=/home/augustus/acgn-v215-full-20260908T190500Z/control/tmp
EGraphAblationStudy/canonical: processing 5,500 files with 16 workers.
EGraphAblationStudy/canonical: 275/5,500 complete (5.0%), 439.35 files/s, ETA 0m 12s.
EGraphAblationStudy/canonical: 550/5,500 complete (10.0%), 642.57 files/s, ETA 0m 08s.
EGraphAblationStudy/canonical: 825/5,500 complete (15.0%), 800.11 files/s, ETA 0m 06s.
EGraphAblationStudy/canonical: 1,100/5,500 complete (20.0%), 857.32 files/s, ETA 0m 05s.
EGraphAblationStudy/canonical: 1,375/5,500 complete (25.0%), 939.51 files/s, ETA 0m 04s.
EGraphAblationStudy/canonical: 1,650/5,500 complete (30.0%), 1022.56 files/s, ETA 0m 04s.
EGraphAblationStudy/canonical: 1,925/5,500 complete (35.0%), 1087.58 files/s, ETA 0m 03s.
EGraphAblationStudy/canonical: 2,200/5,500 complete (40.0%), 1149.77 files/s, ETA 0m 03s.
EGraphAblationStudy/canonical: 2,475/5,500 complete (45.0%), 1205.99 files/s, ETA 0m 03s.
EGraphAblationStudy/canonical: 2,750/5,500 complete (50.0%), 1259.89 files/s, ETA 0m 02s.
EGraphAblationStudy/canonical: 3,025/5,500 complete (55.0%), 1314.11 files/s, ETA 0m 02s.
EGraphAblationStudy/canonical: 3,300/5,500 complete (60.0%), 1361.87 files/s, ETA 0m 02s.
EGraphAblationStudy/canonical: 3,575/5,500 complete (65.0%), 1402.01 files/s, ETA 0m 01s.
EGraphAblationStudy/canonical: 3,850/5,500 complete (70.0%), 1432.81 files/s, ETA 0m 01s.
EGraphAblationStudy/canonical: 4,125/5,500 complete (75.0%), 1460.23 files/s, ETA 0m 01s.
EGraphAblationStudy/canonical: 4,400/5,500 complete (80.0%), 1481.64 files/s, ETA 0m 01s.
EGraphAblationStudy/canonical: 4,675/5,500 complete (85.0%), 1510.82 files/s, ETA 0m 01s.
EGraphAblationStudy/canonical: 4,950/5,500 complete (90.0%), 1537.80 files/s, ETA 0m 00s.
EGraphAblationStudy/canonical: 5,225/5,500 complete (95.0%), 1554.00 files/s, ETA 0m 00s.
EGraphAblationStudy/canonical: 5,500/5,500 complete (100.0%), 1577.98 files/s, ETA 0m 00s.
EGraphAblationStudy/canonical/retry: processing 0 files.
EGraphAblationStudy/canonical/retry: 0/0 complete (100.0%), 0.00 files/s, ETA 0m 00s.
Completed canonical on 5500/5500 predicate pairs (skipped 0 AST-identical pairs) in 3.493 s.
