Picked up JAVA_TOOL_OPTIONS: -Xmx8g -XX:+ExitOnOutOfMemoryError -XX:ErrorFile=/home/augustus/acgn-v215-full-20260908T190500Z/control/logs/hs_err_pid%p.log -Djava.io.tmpdir=/home/augustus/acgn-v215-full-20260908T190500Z/control/tmp
EGraphAblationStudy/java-egglog-debruijn: processing 66,080 files with 16 workers.
EGraphAblationStudy/java-egglog-debruijn: 1,000/66,080 complete (1.5%), 1830.36 files/s, ETA 0m 36s.
EGraphAblationStudy/java-egglog-debruijn: 2,000/66,080 complete (3.0%), 2330.69 files/s, ETA 0m 27s.
EGraphAblationStudy/java-egglog-debruijn: 3,000/66,080 complete (4.5%), 2751.61 files/s, ETA 0m 23s.
EGraphAblationStudy/java-egglog-debruijn: 4,000/66,080 complete (6.1%), 3061.69 files/s, ETA 0m 20s.
EGraphAblationStudy/java-egglog-debruijn: 5,000/66,080 complete (7.6%), 3282.72 files/s, ETA 0m 19s.
EGraphAblationStudy/java-egglog-debruijn: 6,000/66,080 complete (9.1%), 3465.63 files/s, ETA 0m 17s.
EGraphAblationStudy/java-egglog-debruijn: 7,000/66,080 complete (10.6%), 3618.76 files/s, ETA 0m 16s.
EGraphAblationStudy/java-egglog-debruijn: 8,000/66,080 complete (12.1%), 3735.64 files/s, ETA 0m 16s.
EGraphAblationStudy/java-egglog-debruijn: 9,000/66,080 complete (13.6%), 3390.55 files/s, ETA 0m 17s.
EGraphAblationStudy/java-egglog-debruijn: 10,000/66,080 complete (15.1%), 3155.58 files/s, ETA 0m 18s.
EGraphAblationStudy/java-egglog-debruijn: 11,000/66,080 complete (16.6%), 3001.78 files/s, ETA 0m 18s.
EGraphAblationStudy/java-egglog-debruijn: 12,000/66,080 complete (18.2%), 2878.98 files/s, ETA 0m 19s.
EGraphAblationStudy/java-egglog-debruijn: 13,000/66,080 complete (19.7%), 2787.11 files/s, ETA 0m 19s.
EGraphAblationStudy/java-egglog-debruijn: 14,000/66,080 complete (21.2%), 2724.03 files/s, ETA 0m 19s.
EGraphAblationStudy/java-egglog-debruijn: 15,000/66,080 complete (22.7%), 2663.87 files/s, ETA 0m 19s.
EGraphAblationStudy/java-egglog-debruijn: 16,000/66,080 complete (24.2%), 2616.67 files/s, ETA 0m 19s.
EGraphAblationStudy/java-egglog-debruijn: 17,000/66,080 complete (25.7%), 2571.85 files/s, ETA 0m 19s.
EGraphAblationStudy/java-egglog-debruijn: 18,000/66,080 complete (27.2%), 2540.34 files/s, ETA 0m 19s.
EGraphAblationStudy/java-egglog-debruijn: 19,000/66,080 complete (28.8%), 2514.03 files/s, ETA 0m 19s.
EGraphAblationStudy/java-egglog-debruijn: 20,000/66,080 complete (30.3%), 2485.91 files/s, ETA 0m 19s.
EGraphAblationStudy/java-egglog-debruijn: 21,000/66,080 complete (31.8%), 2460.84 files/s, ETA 0m 18s.
EGraphAblationStudy/java-egglog-debruijn: 22,000/66,080 complete (33.3%), 2439.22 files/s, ETA 0m 18s.
EGraphAblationStudy/java-egglog-debruijn: 23,000/66,080 complete (34.8%), 2426.29 files/s, ETA 0m 18s.
EGraphAblationStudy/java-egglog-debruijn: 24,000/66,080 complete (36.3%), 2471.63 files/s, ETA 0m 17s.
EGraphAblationStudy/java-egglog-debruijn: 25,000/66,080 complete (37.8%), 2536.34 files/s, ETA 0m 16s.
EGraphAblationStudy/java-egglog-debruijn: 26,000/66,080 complete (39.3%), 2599.82 files/s, ETA 0m 15s.
EGraphAblationStudy/java-egglog-debruijn: 27,000/66,080 complete (40.9%), 2655.69 files/s, ETA 0m 15s.
EGraphAblationStudy/java-egglog-debruijn: 28,000/66,080 complete (42.4%), 2708.95 files/s, ETA 0m 14s.
EGraphAblationStudy/java-egglog-debruijn: 29,000/66,080 complete (43.9%), 2736.64 files/s, ETA 0m 14s.
EGraphAblationStudy/java-egglog-debruijn: 30,000/66,080 complete (45.4%), 2759.32 files/s, ETA 0m 13s.
EGraphAblationStudy/java-egglog-debruijn: 31,000/66,080 complete (46.9%), 2762.37 files/s, ETA 0m 13s.
EGraphAblationStudy/java-egglog-debruijn: 32,000/66,080 complete (48.4%), 2773.92 files/s, ETA 0m 12s.
EGraphAblationStudy/java-egglog-debruijn: 33,000/66,080 complete (49.9%), 2794.73 files/s, ETA 0m 12s.
EGraphAblationStudy/java-egglog-debruijn: 34,000/66,080 complete (51.5%), 2813.94 files/s, ETA 0m 11s.
EGraphAblationStudy/java-egglog-debruijn: 35,000/66,080 complete (53.0%), 2834.53 files/s, ETA 0m 11s.
EGraphAblationStudy/java-egglog-debruijn: 36,000/66,080 complete (54.5%), 2863.06 files/s, ETA 0m 11s.
EGraphAblationStudy/java-egglog-debruijn: 37,000/66,080 complete (56.0%), 2892.26 files/s, ETA 0m 10s.
EGraphAblationStudy/java-egglog-debruijn: 38,000/66,080 complete (57.5%), 2921.05 files/s, ETA 0m 10s.
EGraphAblationStudy/java-egglog-debruijn: 39,000/66,080 complete (59.0%), 2949.87 files/s, ETA 0m 09s.
EGraphAblationStudy/java-egglog-debruijn: 40,000/66,080 complete (60.5%), 2977.80 files/s, ETA 0m 09s.
EGraphAblationStudy/java-egglog-debruijn: 41,000/66,080 complete (62.0%), 3005.74 files/s, ETA 0m 08s.
EGraphAblationStudy/java-egglog-debruijn: 42,000/66,080 complete (63.6%), 3035.22 files/s, ETA 0m 08s.
EGraphAblationStudy/java-egglog-debruijn: 43,000/66,080 complete (65.1%), 3059.08 files/s, ETA 0m 08s.
EGraphAblationStudy/java-egglog-debruijn: 44,000/66,080 complete (66.6%), 3084.29 files/s, ETA 0m 07s.
EGraphAblationStudy/java-egglog-debruijn: 45,000/66,080 complete (68.1%), 3107.72 files/s, ETA 0m 07s.
EGraphAblationStudy/java-egglog-debruijn: 46,000/66,080 complete (69.6%), 3129.61 files/s, ETA 0m 06s.
EGraphAblationStudy/java-egglog-debruijn: 47,000/66,080 complete (71.1%), 3151.04 files/s, ETA 0m 06s.
EGraphAblationStudy/java-egglog-debruijn: 48,000/66,080 complete (72.6%), 3172.54 files/s, ETA 0m 06s.
EGraphAblationStudy/java-egglog-debruijn: 49,000/66,080 complete (74.2%), 3193.12 files/s, ETA 0m 05s.
EGraphAblationStudy/java-egglog-debruijn: 50,000/66,080 complete (75.7%), 3213.60 files/s, ETA 0m 05s.
EGraphAblationStudy/java-egglog-debruijn: 51,000/66,080 complete (77.2%), 3232.76 files/s, ETA 0m 05s.
EGraphAblationStudy/java-egglog-debruijn: 52,000/66,080 complete (78.7%), 3256.11 files/s, ETA 0m 04s.
EGraphAblationStudy/java-egglog-debruijn: 53,000/66,080 complete (80.2%), 3277.56 files/s, ETA 0m 04s.
EGraphAblationStudy/java-egglog-debruijn: 54,000/66,080 complete (81.7%), 3297.20 files/s, ETA 0m 04s.
EGraphAblationStudy/java-egglog-debruijn: 55,000/66,080 complete (83.2%), 3319.73 files/s, ETA 0m 03s.
EGraphAblationStudy/java-egglog-debruijn: 56,000/66,080 complete (84.7%), 3327.49 files/s, ETA 0m 03s.
EGraphAblationStudy/java-egglog-debruijn: 57,000/66,080 complete (86.3%), 3346.06 files/s, ETA 0m 03s.
EGraphAblationStudy/java-egglog-debruijn: 58,000/66,080 complete (87.8%), 3373.19 files/s, ETA 0m 02s.
EGraphAblationStudy/java-egglog-debruijn: 59,000/66,080 complete (89.3%), 3399.94 files/s, ETA 0m 02s.
EGraphAblationStudy/java-egglog-debruijn: 60,000/66,080 complete (90.8%), 3428.23 files/s, ETA 0m 02s.
EGraphAblationStudy/java-egglog-debruijn: 61,000/66,080 complete (92.3%), 3456.03 files/s, ETA 0m 01s.
EGraphAblationStudy/java-egglog-debruijn: 62,000/66,080 complete (93.8%), 3482.47 files/s, ETA 0m 01s.
EGraphAblationStudy/java-egglog-debruijn: 63,000/66,080 complete (95.3%), 3507.02 files/s, ETA 0m 01s.
EGraphAblationStudy/java-egglog-debruijn: 64,000/66,080 complete (96.9%), 3530.89 files/s, ETA 0m 01s.
EGraphAblationStudy/java-egglog-debruijn: 65,000/66,080 complete (98.4%), 3555.20 files/s, ETA 0m 00s.
EGraphAblationStudy/java-egglog-debruijn: 66,000/66,080 complete (99.9%), 3582.71 files/s, ETA 0m 00s.
EGraphAblationStudy/java-egglog-debruijn: 66,080/66,080 complete (100.0%), 3584.39 files/s, ETA 0m 00s.
EGraphAblationStudy/java-egglog-debruijn/retry: processing 0 files.
EGraphAblationStudy/java-egglog-debruijn/retry: 0/0 complete (100.0%), 0.00 files/s, ETA 0m 00s.
Completed java-egglog-debruijn on 61598/66080 predicate pairs (skipped 4482 AST-identical pairs) in 18.449 s.
