Picked up JAVA_TOOL_OPTIONS: -Xmx8g -XX:+ExitOnOutOfMemoryError -XX:ErrorFile=/home/augustus/acgn-v215-full-20260908T190500Z/control/logs/hs_err_pid%p.log -Djava.io.tmpdir=/home/augustus/acgn-v215-full-20260908T190500Z/control/tmp
EGraphAblationStudy/java-egglog: processing 66,080 files with 16 workers.
EGraphAblationStudy/java-egglog: 1,000/66,080 complete (1.5%), 1936.17 files/s, ETA 0m 34s.
EGraphAblationStudy/java-egglog: 2,000/66,080 complete (3.0%), 2476.00 files/s, ETA 0m 26s.
EGraphAblationStudy/java-egglog: 3,000/66,080 complete (4.5%), 2902.45 files/s, ETA 0m 22s.
EGraphAblationStudy/java-egglog: 4,000/66,080 complete (6.1%), 3184.74 files/s, ETA 0m 19s.
EGraphAblationStudy/java-egglog: 5,000/66,080 complete (7.6%), 3382.55 files/s, ETA 0m 18s.
EGraphAblationStudy/java-egglog: 6,000/66,080 complete (9.1%), 3553.09 files/s, ETA 0m 17s.
EGraphAblationStudy/java-egglog: 7,000/66,080 complete (10.6%), 3690.74 files/s, ETA 0m 16s.
EGraphAblationStudy/java-egglog: 8,000/66,080 complete (12.1%), 3796.69 files/s, ETA 0m 15s.
EGraphAblationStudy/java-egglog: 9,000/66,080 complete (13.6%), 3439.28 files/s, ETA 0m 17s.
EGraphAblationStudy/java-egglog: 10,000/66,080 complete (15.1%), 3180.90 files/s, ETA 0m 18s.
EGraphAblationStudy/java-egglog: 11,000/66,080 complete (16.6%), 3019.86 files/s, ETA 0m 18s.
EGraphAblationStudy/java-egglog: 12,000/66,080 complete (18.2%), 2892.47 files/s, ETA 0m 19s.
EGraphAblationStudy/java-egglog: 13,000/66,080 complete (19.7%), 2802.10 files/s, ETA 0m 19s.
EGraphAblationStudy/java-egglog: 14,000/66,080 complete (21.2%), 2714.47 files/s, ETA 0m 19s.
EGraphAblationStudy/java-egglog: 15,000/66,080 complete (22.7%), 2652.24 files/s, ETA 0m 19s.
EGraphAblationStudy/java-egglog: 16,000/66,080 complete (24.2%), 2596.44 files/s, ETA 0m 19s.
EGraphAblationStudy/java-egglog: 17,000/66,080 complete (25.7%), 2546.06 files/s, ETA 0m 19s.
EGraphAblationStudy/java-egglog: 18,000/66,080 complete (27.2%), 2504.44 files/s, ETA 0m 19s.
EGraphAblationStudy/java-egglog: 19,000/66,080 complete (28.8%), 2469.59 files/s, ETA 0m 19s.
EGraphAblationStudy/java-egglog: 20,000/66,080 complete (30.3%), 2438.17 files/s, ETA 0m 19s.
EGraphAblationStudy/java-egglog: 21,000/66,080 complete (31.8%), 2409.90 files/s, ETA 0m 19s.
EGraphAblationStudy/java-egglog: 22,000/66,080 complete (33.3%), 2386.59 files/s, ETA 0m 18s.
EGraphAblationStudy/java-egglog: 23,000/66,080 complete (34.8%), 2369.80 files/s, ETA 0m 18s.
EGraphAblationStudy/java-egglog: 24,000/66,080 complete (36.3%), 2415.56 files/s, ETA 0m 17s.
EGraphAblationStudy/java-egglog: 25,000/66,080 complete (37.8%), 2480.72 files/s, ETA 0m 17s.
EGraphAblationStudy/java-egglog: 26,000/66,080 complete (39.3%), 2541.89 files/s, ETA 0m 16s.
EGraphAblationStudy/java-egglog: 27,000/66,080 complete (40.9%), 2597.14 files/s, ETA 0m 15s.
EGraphAblationStudy/java-egglog: 28,000/66,080 complete (42.4%), 2649.87 files/s, ETA 0m 14s.
EGraphAblationStudy/java-egglog: 29,000/66,080 complete (43.9%), 2677.59 files/s, ETA 0m 14s.
EGraphAblationStudy/java-egglog: 30,000/66,080 complete (45.4%), 2703.03 files/s, ETA 0m 13s.
EGraphAblationStudy/java-egglog: 31,000/66,080 complete (46.9%), 2706.78 files/s, ETA 0m 13s.
EGraphAblationStudy/java-egglog: 32,000/66,080 complete (48.4%), 2721.33 files/s, ETA 0m 13s.
EGraphAblationStudy/java-egglog: 33,000/66,080 complete (49.9%), 2744.22 files/s, ETA 0m 12s.
EGraphAblationStudy/java-egglog: 34,000/66,080 complete (51.5%), 2765.02 files/s, ETA 0m 12s.
EGraphAblationStudy/java-egglog: 35,000/66,080 complete (53.0%), 2786.59 files/s, ETA 0m 11s.
EGraphAblationStudy/java-egglog: 36,000/66,080 complete (54.5%), 2813.63 files/s, ETA 0m 11s.
EGraphAblationStudy/java-egglog: 37,000/66,080 complete (56.0%), 2841.85 files/s, ETA 0m 10s.
EGraphAblationStudy/java-egglog: 38,000/66,080 complete (57.5%), 2868.72 files/s, ETA 0m 10s.
EGraphAblationStudy/java-egglog: 39,000/66,080 complete (59.0%), 2896.01 files/s, ETA 0m 09s.
EGraphAblationStudy/java-egglog: 40,000/66,080 complete (60.5%), 2922.26 files/s, ETA 0m 09s.
EGraphAblationStudy/java-egglog: 41,000/66,080 complete (62.0%), 2947.78 files/s, ETA 0m 09s.
EGraphAblationStudy/java-egglog: 42,000/66,080 complete (63.6%), 2974.02 files/s, ETA 0m 08s.
EGraphAblationStudy/java-egglog: 43,000/66,080 complete (65.1%), 2998.90 files/s, ETA 0m 08s.
EGraphAblationStudy/java-egglog: 44,000/66,080 complete (66.6%), 3024.84 files/s, ETA 0m 07s.
EGraphAblationStudy/java-egglog: 45,000/66,080 complete (68.1%), 3047.75 files/s, ETA 0m 07s.
EGraphAblationStudy/java-egglog: 46,000/66,080 complete (69.6%), 3069.52 files/s, ETA 0m 07s.
EGraphAblationStudy/java-egglog: 47,000/66,080 complete (71.1%), 3092.44 files/s, ETA 0m 06s.
EGraphAblationStudy/java-egglog: 48,000/66,080 complete (72.6%), 3113.09 files/s, ETA 0m 06s.
EGraphAblationStudy/java-egglog: 49,000/66,080 complete (74.2%), 3132.31 files/s, ETA 0m 05s.
EGraphAblationStudy/java-egglog: 50,000/66,080 complete (75.7%), 3152.35 files/s, ETA 0m 05s.
EGraphAblationStudy/java-egglog: 51,000/66,080 complete (77.2%), 3171.83 files/s, ETA 0m 05s.
EGraphAblationStudy/java-egglog: 52,000/66,080 complete (78.7%), 3191.28 files/s, ETA 0m 04s.
EGraphAblationStudy/java-egglog: 53,000/66,080 complete (80.2%), 3211.89 files/s, ETA 0m 04s.
EGraphAblationStudy/java-egglog: 54,000/66,080 complete (81.7%), 3230.54 files/s, ETA 0m 04s.
EGraphAblationStudy/java-egglog: 55,000/66,080 complete (83.2%), 3250.19 files/s, ETA 0m 03s.
EGraphAblationStudy/java-egglog: 56,000/66,080 complete (84.7%), 3258.29 files/s, ETA 0m 03s.
EGraphAblationStudy/java-egglog: 57,000/66,080 complete (86.3%), 3277.89 files/s, ETA 0m 03s.
EGraphAblationStudy/java-egglog: 58,000/66,080 complete (87.8%), 3305.41 files/s, ETA 0m 02s.
EGraphAblationStudy/java-egglog: 59,000/66,080 complete (89.3%), 3334.55 files/s, ETA 0m 02s.
EGraphAblationStudy/java-egglog: 60,000/66,080 complete (90.8%), 3359.42 files/s, ETA 0m 02s.
EGraphAblationStudy/java-egglog: 61,000/66,080 complete (92.3%), 3384.14 files/s, ETA 0m 02s.
EGraphAblationStudy/java-egglog: 62,000/66,080 complete (93.8%), 3408.64 files/s, ETA 0m 01s.
EGraphAblationStudy/java-egglog: 63,000/66,080 complete (95.3%), 3432.57 files/s, ETA 0m 01s.
EGraphAblationStudy/java-egglog: 64,000/66,080 complete (96.9%), 3455.59 files/s, ETA 0m 01s.
EGraphAblationStudy/java-egglog: 65,000/66,080 complete (98.4%), 3480.46 files/s, ETA 0m 00s.
EGraphAblationStudy/java-egglog: 66,000/66,080 complete (99.9%), 3504.57 files/s, ETA 0m 00s.
EGraphAblationStudy/java-egglog: 66,080/66,080 complete (100.0%), 3506.52 files/s, ETA 0m 00s.
EGraphAblationStudy/java-egglog/retry: processing 0 files.
EGraphAblationStudy/java-egglog/retry: 0/0 complete (100.0%), 0.00 files/s, ETA 0m 00s.
Completed java-egglog on 61598/66080 predicate pairs (skipped 4482 AST-identical pairs) in 18.857 s.
