Section 3 assurance traceability
requirements=191
matrixRows=191
ready=92
failures=128
FAIL	A-01 MISSING_LOW_LEVEL_REGISTRY: no atomic child obligations or parent reconstruction evidence
FAIL	A-01 conformance_status is PARTIAL
FAIL	A-03 conformance_status is PARTIAL
FAIL	A-06 conformance_status is REFUTED
FAIL	A-07 conformance_status is PARTIAL
FAIL	A-08 conformance_status is PARTIAL
FAIL	A-10 conformance_status is PARTIAL
FAIL	A-11 conformance_status is REFUTED
FAIL	A-12 conformance_status is REFUTED
FAIL	G-04 formal_status is PARTIAL
FAIL	G-04 conformance_status is PARTIAL
FAIL	G-05 formal_status is PARTIAL
FAIL	G-05 conformance_status is PARTIAL
FAIL	G-06 formal_status is PARTIAL
FAIL	G-06 conformance_status is PARTIAL
FAIL	G-07 formal_status is PARTIAL
FAIL	G-07 conformance_status is PARTIAL
FAIL	G-08 formal_status is PARTIAL
FAIL	G-08 conformance_status is PARTIAL
FAIL	G-09 formal_status is PARTIAL
FAIL	G-09 conformance_status is PARTIAL
FAIL	G-10 formal_status is PARTIAL
FAIL	G-10 conformance_status is PARTIAL
FAIL	G-11 formal_status is PARTIAL
FAIL	G-12 formal_status is PARTIAL
FAIL	G-12 conformance_status is PARTIAL
FAIL	G-13 formal_status is PARTIAL
FAIL	G-13 conformance_status is REFUTED
FAIL	G-14 formal_status is PARTIAL
FAIL	G-16 formal_status is PARTIAL
FAIL	G-16 conformance_status is REFUTED
FAIL	G-17 formal_status is PARTIAL
FAIL	G-17 conformance_status is REFUTED
FAIL	G-18 formal_status is PARTIAL
FAIL	G-18 conformance_status is REFUTED
FAIL	P1-05 formal_status is PARTIAL
FAIL	P1-06 formal_status is PARTIAL
FAIL	P1-08 formal_status is PARTIAL
FAIL	P1-09 formal_status is PARTIAL
FAIL	P1-15 formal_status is PARTIAL
FAIL	P1-16 formal_status is PARTIAL
FAIL	P1-19 formal_status is PARTIAL
FAIL	A2-01 formal_status is PARTIAL
FAIL	A2-02 formal_status is PARTIAL
FAIL	A2-04 formal_status is PARTIAL
FAIL	A2-07 formal_status is PARTIAL
FAIL	A2-07 conformance_status is PARTIAL
FAIL	A2-10 formal_status is PARTIAL
FAIL	A2-11 formal_status is PARTIAL
FAIL	A2-11 conformance_status is PARTIAL
FAIL	A2-12 formal_status is PARTIAL
FAIL	A2-12 conformance_status is PARTIAL
FAIL	A2-14 formal_status is PARTIAL
FAIL	A2-15 formal_status is PARTIAL
FAIL	A2-16 formal_status is PARTIAL
FAIL	A2-16 conformance_status is PARTIAL
FAIL	A2-17 formal_status is PARTIAL
FAIL	A2-19 formal_status is PARTIAL
FAIL	A2-20 formal_status is PARTIAL
FAIL	A2-21 formal_status is PARTIAL
FAIL	A2-22 formal_status is PARTIAL
FAIL	A2-23 formal_status is PARTIAL
FAIL	A2-24 formal_status is PARTIAL
FAIL	A2-25 formal_status is PARTIAL
FAIL	A2-26 formal_status is PARTIAL
FAIL	A2-27 formal_status is PARTIAL
FAIL	P2-06 formal_status is PARTIAL
FAIL	P2-16 formal_status is PARTIAL
FAIL	P2-18 formal_status is PARTIAL
FAIL	P2-19 formal_status is PARTIAL
FAIL	P2-20 formal_status is PARTIAL
FAIL	P3-01 formal_status is PARTIAL
FAIL	P3-01 conformance_status is PARTIAL
FAIL	P3-03 formal_status is PARTIAL
FAIL	P3-04 formal_status is PARTIAL
FAIL	P3-05 formal_status is PARTIAL
FAIL	P3-06 formal_status is PARTIAL
FAIL	P3-08 formal_status is PARTIAL
FAIL	P3-09 formal_status is PARTIAL
FAIL	P3-10 formal_status is PARTIAL
FAIL	P3-12 formal_status is PARTIAL
FAIL	P3-13 formal_status is PARTIAL
FAIL	P3-14 formal_status is PARTIAL
FAIL	P3-15 formal_status is PARTIAL
FAIL	P3-15 conformance_status is PARTIAL
FAIL	P4-01 formal_status is PARTIAL
FAIL	P4-01 conformance_status is PARTIAL
FAIL	P4-04 formal_status is PARTIAL
FAIL	P4-06 formal_status is PARTIAL
FAIL	P4-07 formal_status is PARTIAL
FAIL	P4-08 formal_status is PARTIAL
FAIL	P4-11 formal_status is PARTIAL
FAIL	P5-05 conformance_status is PARTIAL
FAIL	P5-06 conformance_status is PARTIAL
FAIL	P5-07 conformance_status is PARTIAL
FAIL	P5-08 conformance_status is PARTIAL
FAIL	P5-09 formal_status is PARTIAL
FAIL	P5-11 formal_status is PARTIAL
FAIL	P5-12 conformance_status is PARTIAL
FAIL	P5-13 formal_status is PARTIAL
FAIL	P5-14 formal_status is PARTIAL
FAIL	P5-14 conformance_status is PARTIAL
FAIL	P6-02 formal_status is PARTIAL
FAIL	P6-03 formal_status is PARTIAL
FAIL	P6-03 conformance_status is PARTIAL
FAIL	P6-04 formal_status is PARTIAL
FAIL	P6-05 formal_status is PARTIAL
FAIL	P6-05 conformance_status is PARTIAL
FAIL	P6-06 formal_status is PARTIAL
FAIL	P6-06 conformance_status is PARTIAL
FAIL	P6-07 formal_status is PARTIAL
FAIL	P6-07 conformance_status is PARTIAL
FAIL	P6-08 formal_status is PARTIAL
FAIL	P6-09 conformance_status is PARTIAL
FAIL	P6-10 formal_status is PARTIAL
FAIL	P6-11 conformance_status is PARTIAL
FAIL	P6-12 formal_status is PARTIAL
FAIL	P6-12 conformance_status is PARTIAL
FAIL	P6-13 formal_status is PARTIAL
FAIL	P6-13 conformance_status is PARTIAL
FAIL	M-01 formal_status is PARTIAL
FAIL	M-01 conformance_status is PARTIAL
FAIL	M-03 formal_status is PARTIAL
FAIL	M-04 formal_status is PARTIAL
FAIL	M-05 conformance_status is PARTIAL
FAIL	M-06 formal_status is PARTIAL
FAIL	M-08 formal_status is PARTIAL
FAIL	M-08 conformance_status is PARTIAL
