Picked up JAVA_TOOL_OPTIONS: -Xmx8g -XX:+ExitOnOutOfMemoryError -XX:ErrorFile=/home/augustus/acgn-v215-full-20260908T190500Z/control/logs/hs_err_pid%p.log -Djava.io.tmpdir=/home/augustus/acgn-v215-full-20260908T190500Z/control/tmp
EGraphAblationStudy/raw-egraph-debruijn: processing 66,080 files with 16 workers.
EGraphAblationStudy/raw-egraph-debruijn: 1,000/66,080 complete (1.5%), 1785.86 files/s, ETA 0m 36s.
EGraphAblationStudy/raw-egraph-debruijn: 2,000/66,080 complete (3.0%), 2315.64 files/s, ETA 0m 28s.
EGraphAblationStudy/raw-egraph-debruijn: 3,000/66,080 complete (4.5%), 2750.59 files/s, ETA 0m 23s.
EGraphAblationStudy/raw-egraph-debruijn: 4,000/66,080 complete (6.1%), 3042.32 files/s, ETA 0m 20s.
EGraphAblationStudy/raw-egraph-debruijn: 5,000/66,080 complete (7.6%), 3244.63 files/s, ETA 0m 19s.
EGraphAblationStudy/raw-egraph-debruijn: 6,000/66,080 complete (9.1%), 3427.67 files/s, ETA 0m 18s.
EGraphAblationStudy/raw-egraph-debruijn: 7,000/66,080 complete (10.6%), 3573.90 files/s, ETA 0m 17s.
EGraphAblationStudy/raw-egraph-debruijn: 8,000/66,080 complete (12.1%), 3704.17 files/s, ETA 0m 16s.
EGraphAblationStudy/raw-egraph-debruijn: 9,000/66,080 complete (13.6%), 3365.68 files/s, ETA 0m 17s.
EGraphAblationStudy/raw-egraph-debruijn: 10,000/66,080 complete (15.1%), 3134.12 files/s, ETA 0m 18s.
EGraphAblationStudy/raw-egraph-debruijn: 11,000/66,080 complete (16.6%), 2983.41 files/s, ETA 0m 18s.
EGraphAblationStudy/raw-egraph-debruijn: 12,000/66,080 complete (18.2%), 2869.09 files/s, ETA 0m 19s.
EGraphAblationStudy/raw-egraph-debruijn: 13,000/66,080 complete (19.7%), 2781.01 files/s, ETA 0m 19s.
EGraphAblationStudy/raw-egraph-debruijn: 14,000/66,080 complete (21.2%), 2700.01 files/s, ETA 0m 19s.
EGraphAblationStudy/raw-egraph-debruijn: 15,000/66,080 complete (22.7%), 2637.31 files/s, ETA 0m 19s.
EGraphAblationStudy/raw-egraph-debruijn: 16,000/66,080 complete (24.2%), 2586.07 files/s, ETA 0m 19s.
EGraphAblationStudy/raw-egraph-debruijn: 17,000/66,080 complete (25.7%), 2537.78 files/s, ETA 0m 19s.
EGraphAblationStudy/raw-egraph-debruijn: 18,000/66,080 complete (27.2%), 2503.55 files/s, ETA 0m 19s.
EGraphAblationStudy/raw-egraph-debruijn: 19,000/66,080 complete (28.8%), 2470.60 files/s, ETA 0m 19s.
EGraphAblationStudy/raw-egraph-debruijn: 20,000/66,080 complete (30.3%), 2439.59 files/s, ETA 0m 19s.
EGraphAblationStudy/raw-egraph-debruijn: 21,000/66,080 complete (31.8%), 2414.87 files/s, ETA 0m 19s.
EGraphAblationStudy/raw-egraph-debruijn: 22,000/66,080 complete (33.3%), 2391.31 files/s, ETA 0m 18s.
EGraphAblationStudy/raw-egraph-debruijn: 23,000/66,080 complete (34.8%), 2378.70 files/s, ETA 0m 18s.
EGraphAblationStudy/raw-egraph-debruijn: 24,000/66,080 complete (36.3%), 2423.11 files/s, ETA 0m 17s.
EGraphAblationStudy/raw-egraph-debruijn: 25,000/66,080 complete (37.8%), 2485.52 files/s, ETA 0m 17s.
EGraphAblationStudy/raw-egraph-debruijn: 26,000/66,080 complete (39.3%), 2552.18 files/s, ETA 0m 16s.
EGraphAblationStudy/raw-egraph-debruijn: 27,000/66,080 complete (40.9%), 2607.30 files/s, ETA 0m 15s.
EGraphAblationStudy/raw-egraph-debruijn: 28,000/66,080 complete (42.4%), 2658.95 files/s, ETA 0m 14s.
EGraphAblationStudy/raw-egraph-debruijn: 29,000/66,080 complete (43.9%), 2692.57 files/s, ETA 0m 14s.
EGraphAblationStudy/raw-egraph-debruijn: 30,000/66,080 complete (45.4%), 2714.84 files/s, ETA 0m 13s.
EGraphAblationStudy/raw-egraph-debruijn: 31,000/66,080 complete (46.9%), 2717.46 files/s, ETA 0m 13s.
EGraphAblationStudy/raw-egraph-debruijn: 32,000/66,080 complete (48.4%), 2727.99 files/s, ETA 0m 12s.
EGraphAblationStudy/raw-egraph-debruijn: 33,000/66,080 complete (49.9%), 2749.19 files/s, ETA 0m 12s.
EGraphAblationStudy/raw-egraph-debruijn: 34,000/66,080 complete (51.5%), 2770.67 files/s, ETA 0m 12s.
EGraphAblationStudy/raw-egraph-debruijn: 35,000/66,080 complete (53.0%), 2790.60 files/s, ETA 0m 11s.
EGraphAblationStudy/raw-egraph-debruijn: 36,000/66,080 complete (54.5%), 2818.14 files/s, ETA 0m 11s.
EGraphAblationStudy/raw-egraph-debruijn: 37,000/66,080 complete (56.0%), 2846.90 files/s, ETA 0m 10s.
EGraphAblationStudy/raw-egraph-debruijn: 38,000/66,080 complete (57.5%), 2873.57 files/s, ETA 0m 10s.
EGraphAblationStudy/raw-egraph-debruijn: 39,000/66,080 complete (59.0%), 2900.28 files/s, ETA 0m 09s.
EGraphAblationStudy/raw-egraph-debruijn: 40,000/66,080 complete (60.5%), 2927.04 files/s, ETA 0m 09s.
EGraphAblationStudy/raw-egraph-debruijn: 41,000/66,080 complete (62.0%), 2954.60 files/s, ETA 0m 08s.
EGraphAblationStudy/raw-egraph-debruijn: 42,000/66,080 complete (63.6%), 2980.65 files/s, ETA 0m 08s.
EGraphAblationStudy/raw-egraph-debruijn: 43,000/66,080 complete (65.1%), 3004.28 files/s, ETA 0m 08s.
EGraphAblationStudy/raw-egraph-debruijn: 44,000/66,080 complete (66.6%), 3027.85 files/s, ETA 0m 07s.
EGraphAblationStudy/raw-egraph-debruijn: 45,000/66,080 complete (68.1%), 3050.90 files/s, ETA 0m 07s.
EGraphAblationStudy/raw-egraph-debruijn: 46,000/66,080 complete (69.6%), 3071.42 files/s, ETA 0m 07s.
EGraphAblationStudy/raw-egraph-debruijn: 47,000/66,080 complete (71.1%), 3091.52 files/s, ETA 0m 06s.
EGraphAblationStudy/raw-egraph-debruijn: 48,000/66,080 complete (72.6%), 3110.71 files/s, ETA 0m 06s.
EGraphAblationStudy/raw-egraph-debruijn: 49,000/66,080 complete (74.2%), 3130.89 files/s, ETA 0m 05s.
EGraphAblationStudy/raw-egraph-debruijn: 50,000/66,080 complete (75.7%), 3149.78 files/s, ETA 0m 05s.
EGraphAblationStudy/raw-egraph-debruijn: 51,000/66,080 complete (77.2%), 3169.40 files/s, ETA 0m 05s.
EGraphAblationStudy/raw-egraph-debruijn: 52,000/66,080 complete (78.7%), 3188.45 files/s, ETA 0m 04s.
EGraphAblationStudy/raw-egraph-debruijn: 53,000/66,080 complete (80.2%), 3207.65 files/s, ETA 0m 04s.
EGraphAblationStudy/raw-egraph-debruijn: 54,000/66,080 complete (81.7%), 3225.73 files/s, ETA 0m 04s.
EGraphAblationStudy/raw-egraph-debruijn: 55,000/66,080 complete (83.2%), 3243.52 files/s, ETA 0m 03s.
EGraphAblationStudy/raw-egraph-debruijn: 56,000/66,080 complete (84.7%), 3249.18 files/s, ETA 0m 03s.
EGraphAblationStudy/raw-egraph-debruijn: 57,000/66,080 complete (86.3%), 3267.38 files/s, ETA 0m 03s.
EGraphAblationStudy/raw-egraph-debruijn: 58,000/66,080 complete (87.8%), 3293.76 files/s, ETA 0m 02s.
EGraphAblationStudy/raw-egraph-debruijn: 59,000/66,080 complete (89.3%), 3319.13 files/s, ETA 0m 02s.
EGraphAblationStudy/raw-egraph-debruijn: 60,000/66,080 complete (90.8%), 3346.87 files/s, ETA 0m 02s.
EGraphAblationStudy/raw-egraph-debruijn: 61,000/66,080 complete (92.3%), 3372.11 files/s, ETA 0m 02s.
EGraphAblationStudy/raw-egraph-debruijn: 62,000/66,080 complete (93.8%), 3396.34 files/s, ETA 0m 01s.
EGraphAblationStudy/raw-egraph-debruijn: 63,000/66,080 complete (95.3%), 3420.76 files/s, ETA 0m 01s.
EGraphAblationStudy/raw-egraph-debruijn: 64,000/66,080 complete (96.9%), 3445.91 files/s, ETA 0m 01s.
EGraphAblationStudy/raw-egraph-debruijn: 65,000/66,080 complete (98.4%), 3469.14 files/s, ETA 0m 00s.
EGraphAblationStudy/raw-egraph-debruijn: 66,000/66,080 complete (99.9%), 3492.12 files/s, ETA 0m 00s.
EGraphAblationStudy/raw-egraph-debruijn: 66,080/66,080 complete (100.0%), 3493.47 files/s, ETA 0m 00s.
EGraphAblationStudy/raw-egraph-debruijn/retry: processing 0 files.
EGraphAblationStudy/raw-egraph-debruijn/retry: 0/0 complete (100.0%), 0.00 files/s, ETA 0m 00s.
Completed raw-egraph-debruijn on 61598/66080 predicate pairs (skipped 4482 AST-identical pairs) in 18.927 s.
