Picked up JAVA_TOOL_OPTIONS: -Xmx8g -XX:+ExitOnOutOfMemoryError -XX:ErrorFile=/home/augustus/acgn-v215-full-20260908T190500Z/control/logs/hs_err_pid%p.log -Djava.io.tmpdir=/home/augustus/acgn-v215-full-20260908T190500Z/control/tmp
EGraphAblationStudy/slotted-egraph: processing 66,080 files with 16 workers.
EGraphAblationStudy/slotted-egraph: 1,000/66,080 complete (1.5%), 1478.45 files/s, ETA 0m 44s.
EGraphAblationStudy/slotted-egraph: 2,000/66,080 complete (3.0%), 2002.42 files/s, ETA 0m 32s.
EGraphAblationStudy/slotted-egraph: 3,000/66,080 complete (4.5%), 2434.01 files/s, ETA 0m 26s.
EGraphAblationStudy/slotted-egraph: 4,000/66,080 complete (6.1%), 2731.43 files/s, ETA 0m 23s.
EGraphAblationStudy/slotted-egraph: 5,000/66,080 complete (7.6%), 2958.46 files/s, ETA 0m 21s.
EGraphAblationStudy/slotted-egraph: 6,000/66,080 complete (9.1%), 3145.85 files/s, ETA 0m 19s.
EGraphAblationStudy/slotted-egraph: 7,000/66,080 complete (10.6%), 3315.67 files/s, ETA 0m 18s.
EGraphAblationStudy/slotted-egraph: 8,000/66,080 complete (12.1%), 3426.72 files/s, ETA 0m 17s.
EGraphAblationStudy/slotted-egraph: 9,000/66,080 complete (13.6%), 3156.84 files/s, ETA 0m 18s.
EGraphAblationStudy/slotted-egraph: 10,000/66,080 complete (15.1%), 2964.50 files/s, ETA 0m 19s.
EGraphAblationStudy/slotted-egraph: 11,000/66,080 complete (16.6%), 2837.70 files/s, ETA 0m 19s.
EGraphAblationStudy/slotted-egraph: 12,000/66,080 complete (18.2%), 2745.08 files/s, ETA 0m 20s.
EGraphAblationStudy/slotted-egraph: 13,000/66,080 complete (19.7%), 2668.89 files/s, ETA 0m 20s.
EGraphAblationStudy/slotted-egraph: 14,000/66,080 complete (21.2%), 2597.61 files/s, ETA 0m 20s.
EGraphAblationStudy/slotted-egraph: 15,000/66,080 complete (22.7%), 2544.80 files/s, ETA 0m 20s.
EGraphAblationStudy/slotted-egraph: 16,000/66,080 complete (24.2%), 2497.39 files/s, ETA 0m 20s.
EGraphAblationStudy/slotted-egraph: 17,000/66,080 complete (25.7%), 2458.34 files/s, ETA 0m 20s.
EGraphAblationStudy/slotted-egraph: 18,000/66,080 complete (27.2%), 2427.51 files/s, ETA 0m 20s.
EGraphAblationStudy/slotted-egraph: 19,000/66,080 complete (28.8%), 2400.91 files/s, ETA 0m 20s.
EGraphAblationStudy/slotted-egraph: 20,000/66,080 complete (30.3%), 2373.66 files/s, ETA 0m 19s.
EGraphAblationStudy/slotted-egraph: 21,000/66,080 complete (31.8%), 2348.22 files/s, ETA 0m 19s.
EGraphAblationStudy/slotted-egraph: 22,000/66,080 complete (33.3%), 2329.38 files/s, ETA 0m 19s.
EGraphAblationStudy/slotted-egraph: 23,000/66,080 complete (34.8%), 2316.84 files/s, ETA 0m 19s.
EGraphAblationStudy/slotted-egraph: 24,000/66,080 complete (36.3%), 2360.17 files/s, ETA 0m 18s.
EGraphAblationStudy/slotted-egraph: 25,000/66,080 complete (37.8%), 2421.74 files/s, ETA 0m 17s.
EGraphAblationStudy/slotted-egraph: 26,000/66,080 complete (39.3%), 2481.18 files/s, ETA 0m 16s.
EGraphAblationStudy/slotted-egraph: 27,000/66,080 complete (40.9%), 2533.77 files/s, ETA 0m 15s.
EGraphAblationStudy/slotted-egraph: 28,000/66,080 complete (42.4%), 2585.47 files/s, ETA 0m 15s.
EGraphAblationStudy/slotted-egraph: 29,000/66,080 complete (43.9%), 2616.24 files/s, ETA 0m 14s.
EGraphAblationStudy/slotted-egraph: 30,000/66,080 complete (45.4%), 2640.85 files/s, ETA 0m 14s.
EGraphAblationStudy/slotted-egraph: 31,000/66,080 complete (46.9%), 2646.35 files/s, ETA 0m 13s.
EGraphAblationStudy/slotted-egraph: 32,000/66,080 complete (48.4%), 2658.24 files/s, ETA 0m 13s.
EGraphAblationStudy/slotted-egraph: 33,000/66,080 complete (49.9%), 2679.61 files/s, ETA 0m 12s.
EGraphAblationStudy/slotted-egraph: 34,000/66,080 complete (51.5%), 2700.40 files/s, ETA 0m 12s.
EGraphAblationStudy/slotted-egraph: 35,000/66,080 complete (53.0%), 2719.64 files/s, ETA 0m 11s.
EGraphAblationStudy/slotted-egraph: 36,000/66,080 complete (54.5%), 2746.66 files/s, ETA 0m 11s.
EGraphAblationStudy/slotted-egraph: 37,000/66,080 complete (56.0%), 2771.50 files/s, ETA 0m 10s.
EGraphAblationStudy/slotted-egraph: 38,000/66,080 complete (57.5%), 2798.85 files/s, ETA 0m 10s.
EGraphAblationStudy/slotted-egraph: 39,000/66,080 complete (59.0%), 2822.85 files/s, ETA 0m 10s.
EGraphAblationStudy/slotted-egraph: 40,000/66,080 complete (60.5%), 2851.11 files/s, ETA 0m 09s.
EGraphAblationStudy/slotted-egraph: 41,000/66,080 complete (62.0%), 2877.61 files/s, ETA 0m 09s.
EGraphAblationStudy/slotted-egraph: 42,000/66,080 complete (63.6%), 2904.13 files/s, ETA 0m 08s.
EGraphAblationStudy/slotted-egraph: 43,000/66,080 complete (65.1%), 2931.14 files/s, ETA 0m 08s.
EGraphAblationStudy/slotted-egraph: 44,000/66,080 complete (66.6%), 2958.52 files/s, ETA 0m 07s.
EGraphAblationStudy/slotted-egraph: 45,000/66,080 complete (68.1%), 2984.68 files/s, ETA 0m 07s.
EGraphAblationStudy/slotted-egraph: 46,000/66,080 complete (69.6%), 3008.17 files/s, ETA 0m 07s.
EGraphAblationStudy/slotted-egraph: 47,000/66,080 complete (71.1%), 3028.37 files/s, ETA 0m 06s.
EGraphAblationStudy/slotted-egraph: 48,000/66,080 complete (72.6%), 3048.97 files/s, ETA 0m 06s.
EGraphAblationStudy/slotted-egraph: 49,000/66,080 complete (74.2%), 3068.72 files/s, ETA 0m 06s.
EGraphAblationStudy/slotted-egraph: 50,000/66,080 complete (75.7%), 3091.56 files/s, ETA 0m 05s.
EGraphAblationStudy/slotted-egraph: 51,000/66,080 complete (77.2%), 3113.45 files/s, ETA 0m 05s.
EGraphAblationStudy/slotted-egraph: 52,000/66,080 complete (78.7%), 3132.16 files/s, ETA 0m 04s.
EGraphAblationStudy/slotted-egraph: 53,000/66,080 complete (80.2%), 3152.45 files/s, ETA 0m 04s.
EGraphAblationStudy/slotted-egraph: 54,000/66,080 complete (81.7%), 3171.13 files/s, ETA 0m 04s.
EGraphAblationStudy/slotted-egraph: 55,000/66,080 complete (83.2%), 3188.88 files/s, ETA 0m 03s.
EGraphAblationStudy/slotted-egraph: 56,000/66,080 complete (84.7%), 3195.47 files/s, ETA 0m 03s.
EGraphAblationStudy/slotted-egraph: 57,000/66,080 complete (86.3%), 3212.37 files/s, ETA 0m 03s.
EGraphAblationStudy/slotted-egraph: 58,000/66,080 complete (87.8%), 3237.58 files/s, ETA 0m 02s.
EGraphAblationStudy/slotted-egraph: 59,000/66,080 complete (89.3%), 3263.12 files/s, ETA 0m 02s.
EGraphAblationStudy/slotted-egraph: 60,000/66,080 complete (90.8%), 3288.54 files/s, ETA 0m 02s.
EGraphAblationStudy/slotted-egraph: 61,000/66,080 complete (92.3%), 3313.46 files/s, ETA 0m 02s.
EGraphAblationStudy/slotted-egraph: 62,000/66,080 complete (93.8%), 3337.83 files/s, ETA 0m 01s.
EGraphAblationStudy/slotted-egraph: 63,000/66,080 complete (95.3%), 3361.29 files/s, ETA 0m 01s.
EGraphAblationStudy/slotted-egraph: 64,000/66,080 complete (96.9%), 3384.66 files/s, ETA 0m 01s.
EGraphAblationStudy/slotted-egraph: 65,000/66,080 complete (98.4%), 3408.71 files/s, ETA 0m 00s.
EGraphAblationStudy/slotted-egraph: 66,000/66,080 complete (99.9%), 3430.77 files/s, ETA 0m 00s.
EGraphAblationStudy/slotted-egraph: 66,080/66,080 complete (100.0%), 3432.90 files/s, ETA 0m 00s.
EGraphAblationStudy/slotted-egraph/retry: processing 0 files.
EGraphAblationStudy/slotted-egraph/retry: 0/0 complete (100.0%), 0.00 files/s, ETA 0m 00s.
Completed slotted-egraph on 61598/66080 predicate pairs (skipped 4482 AST-identical pairs) in 19.261 s.
