Picked up JAVA_TOOL_OPTIONS: -Xmx8g -XX:+ExitOnOutOfMemoryError -XX:ErrorFile=/home/augustus/acgn-v215-full-20260908T190500Z/control/logs/hs_err_pid%p.log -Djava.io.tmpdir=/home/augustus/acgn-v215-full-20260908T190500Z/control/tmp
EGraphAblationStudy/raw-egraph: processing 66,080 files with 16 workers.
EGraphAblationStudy/raw-egraph: 1,000/66,080 complete (1.5%), 1982.66 files/s, ETA 0m 33s.
EGraphAblationStudy/raw-egraph: 2,000/66,080 complete (3.0%), 2471.56 files/s, ETA 0m 26s.
EGraphAblationStudy/raw-egraph: 3,000/66,080 complete (4.5%), 2876.11 files/s, ETA 0m 22s.
EGraphAblationStudy/raw-egraph: 4,000/66,080 complete (6.1%), 3172.24 files/s, ETA 0m 20s.
EGraphAblationStudy/raw-egraph: 5,000/66,080 complete (7.6%), 3373.74 files/s, ETA 0m 18s.
EGraphAblationStudy/raw-egraph: 6,000/66,080 complete (9.1%), 3541.07 files/s, ETA 0m 17s.
EGraphAblationStudy/raw-egraph: 7,000/66,080 complete (10.6%), 3705.60 files/s, ETA 0m 16s.
EGraphAblationStudy/raw-egraph: 8,000/66,080 complete (12.1%), 3815.59 files/s, ETA 0m 15s.
EGraphAblationStudy/raw-egraph: 9,000/66,080 complete (13.6%), 3449.23 files/s, ETA 0m 17s.
EGraphAblationStudy/raw-egraph: 10,000/66,080 complete (15.1%), 3184.24 files/s, ETA 0m 18s.
EGraphAblationStudy/raw-egraph: 11,000/66,080 complete (16.6%), 3028.45 files/s, ETA 0m 18s.
EGraphAblationStudy/raw-egraph: 12,000/66,080 complete (18.2%), 2899.48 files/s, ETA 0m 19s.
EGraphAblationStudy/raw-egraph: 13,000/66,080 complete (19.7%), 2800.91 files/s, ETA 0m 19s.
EGraphAblationStudy/raw-egraph: 14,000/66,080 complete (21.2%), 2711.21 files/s, ETA 0m 19s.
EGraphAblationStudy/raw-egraph: 15,000/66,080 complete (22.7%), 2648.65 files/s, ETA 0m 19s.
EGraphAblationStudy/raw-egraph: 16,000/66,080 complete (24.2%), 2598.96 files/s, ETA 0m 19s.
EGraphAblationStudy/raw-egraph: 17,000/66,080 complete (25.7%), 2553.26 files/s, ETA 0m 19s.
EGraphAblationStudy/raw-egraph: 18,000/66,080 complete (27.2%), 2512.14 files/s, ETA 0m 19s.
EGraphAblationStudy/raw-egraph: 19,000/66,080 complete (28.8%), 2476.39 files/s, ETA 0m 19s.
EGraphAblationStudy/raw-egraph: 20,000/66,080 complete (30.3%), 2446.20 files/s, ETA 0m 19s.
EGraphAblationStudy/raw-egraph: 21,000/66,080 complete (31.8%), 2417.41 files/s, ETA 0m 19s.
EGraphAblationStudy/raw-egraph: 22,000/66,080 complete (33.3%), 2391.67 files/s, ETA 0m 18s.
EGraphAblationStudy/raw-egraph: 23,000/66,080 complete (34.8%), 2374.45 files/s, ETA 0m 18s.
EGraphAblationStudy/raw-egraph: 24,000/66,080 complete (36.3%), 2416.70 files/s, ETA 0m 17s.
EGraphAblationStudy/raw-egraph: 25,000/66,080 complete (37.8%), 2478.61 files/s, ETA 0m 17s.
EGraphAblationStudy/raw-egraph: 26,000/66,080 complete (39.3%), 2537.96 files/s, ETA 0m 16s.
EGraphAblationStudy/raw-egraph: 27,000/66,080 complete (40.9%), 2590.86 files/s, ETA 0m 15s.
EGraphAblationStudy/raw-egraph: 28,000/66,080 complete (42.4%), 2642.04 files/s, ETA 0m 14s.
EGraphAblationStudy/raw-egraph: 29,000/66,080 complete (43.9%), 2669.06 files/s, ETA 0m 14s.
EGraphAblationStudy/raw-egraph: 30,000/66,080 complete (45.4%), 2692.48 files/s, ETA 0m 13s.
EGraphAblationStudy/raw-egraph: 31,000/66,080 complete (46.9%), 2696.67 files/s, ETA 0m 13s.
EGraphAblationStudy/raw-egraph: 32,000/66,080 complete (48.4%), 2709.40 files/s, ETA 0m 13s.
EGraphAblationStudy/raw-egraph: 33,000/66,080 complete (49.9%), 2732.84 files/s, ETA 0m 12s.
EGraphAblationStudy/raw-egraph: 34,000/66,080 complete (51.5%), 2754.25 files/s, ETA 0m 12s.
EGraphAblationStudy/raw-egraph: 35,000/66,080 complete (53.0%), 2777.98 files/s, ETA 0m 11s.
EGraphAblationStudy/raw-egraph: 36,000/66,080 complete (54.5%), 2807.16 files/s, ETA 0m 11s.
EGraphAblationStudy/raw-egraph: 37,000/66,080 complete (56.0%), 2835.17 files/s, ETA 0m 10s.
EGraphAblationStudy/raw-egraph: 38,000/66,080 complete (57.5%), 2865.41 files/s, ETA 0m 10s.
EGraphAblationStudy/raw-egraph: 39,000/66,080 complete (59.0%), 2891.66 files/s, ETA 0m 09s.
EGraphAblationStudy/raw-egraph: 40,000/66,080 complete (60.5%), 2919.86 files/s, ETA 0m 09s.
EGraphAblationStudy/raw-egraph: 41,000/66,080 complete (62.0%), 2945.78 files/s, ETA 0m 09s.
EGraphAblationStudy/raw-egraph: 42,000/66,080 complete (63.6%), 2971.81 files/s, ETA 0m 08s.
EGraphAblationStudy/raw-egraph: 43,000/66,080 complete (65.1%), 2996.03 files/s, ETA 0m 08s.
EGraphAblationStudy/raw-egraph: 44,000/66,080 complete (66.6%), 3019.67 files/s, ETA 0m 07s.
EGraphAblationStudy/raw-egraph: 45,000/66,080 complete (68.1%), 3041.15 files/s, ETA 0m 07s.
EGraphAblationStudy/raw-egraph: 46,000/66,080 complete (69.6%), 3061.03 files/s, ETA 0m 07s.
EGraphAblationStudy/raw-egraph: 47,000/66,080 complete (71.1%), 3081.84 files/s, ETA 0m 06s.
EGraphAblationStudy/raw-egraph: 48,000/66,080 complete (72.6%), 3101.35 files/s, ETA 0m 06s.
EGraphAblationStudy/raw-egraph: 49,000/66,080 complete (74.2%), 3119.66 files/s, ETA 0m 05s.
EGraphAblationStudy/raw-egraph: 50,000/66,080 complete (75.7%), 3139.41 files/s, ETA 0m 05s.
EGraphAblationStudy/raw-egraph: 51,000/66,080 complete (77.2%), 3157.65 files/s, ETA 0m 05s.
EGraphAblationStudy/raw-egraph: 52,000/66,080 complete (78.7%), 3174.90 files/s, ETA 0m 04s.
EGraphAblationStudy/raw-egraph: 53,000/66,080 complete (80.2%), 3192.67 files/s, ETA 0m 04s.
EGraphAblationStudy/raw-egraph: 54,000/66,080 complete (81.7%), 3211.03 files/s, ETA 0m 04s.
EGraphAblationStudy/raw-egraph: 55,000/66,080 complete (83.2%), 3228.38 files/s, ETA 0m 03s.
EGraphAblationStudy/raw-egraph: 56,000/66,080 complete (84.7%), 3235.00 files/s, ETA 0m 03s.
EGraphAblationStudy/raw-egraph: 57,000/66,080 complete (86.3%), 3253.49 files/s, ETA 0m 03s.
EGraphAblationStudy/raw-egraph: 58,000/66,080 complete (87.8%), 3280.19 files/s, ETA 0m 02s.
EGraphAblationStudy/raw-egraph: 59,000/66,080 complete (89.3%), 3305.73 files/s, ETA 0m 02s.
EGraphAblationStudy/raw-egraph: 60,000/66,080 complete (90.8%), 3332.67 files/s, ETA 0m 02s.
EGraphAblationStudy/raw-egraph: 61,000/66,080 complete (92.3%), 3358.95 files/s, ETA 0m 02s.
EGraphAblationStudy/raw-egraph: 62,000/66,080 complete (93.8%), 3388.52 files/s, ETA 0m 01s.
EGraphAblationStudy/raw-egraph: 63,000/66,080 complete (95.3%), 3414.59 files/s, ETA 0m 01s.
EGraphAblationStudy/raw-egraph: 64,000/66,080 complete (96.9%), 3441.15 files/s, ETA 0m 01s.
EGraphAblationStudy/raw-egraph: 65,000/66,080 complete (98.4%), 3465.31 files/s, ETA 0m 00s.
EGraphAblationStudy/raw-egraph: 66,000/66,080 complete (99.9%), 3492.09 files/s, ETA 0m 00s.
EGraphAblationStudy/raw-egraph: 66,080/66,080 complete (100.0%), 3494.58 files/s, ETA 0m 00s.
EGraphAblationStudy/raw-egraph/retry: processing 0 files.
EGraphAblationStudy/raw-egraph/retry: 0/0 complete (100.0%), 0.00 files/s, ETA 0m 00s.
Completed raw-egraph on 61598/66080 predicate pairs (skipped 4482 AST-identical pairs) in 18.921 s.
