Picked up JAVA_TOOL_OPTIONS: -Xmx8g -XX:+ExitOnOutOfMemoryError -XX:ErrorFile=/home/augustus/acgn-v215-full-20260908T190500Z/control/logs/hs_err_pid%p.log -Djava.io.tmpdir=/home/augustus/acgn-v215-full-20260908T190500Z/control/tmp
EGraphAblationStudy/canonical: processing 66,080 files with 16 workers.
EGraphAblationStudy/canonical: 1,000/66,080 complete (1.5%), 891.25 files/s, ETA 1m 13s.
EGraphAblationStudy/canonical: 2,000/66,080 complete (3.0%), 1273.22 files/s, ETA 0m 50s.
EGraphAblationStudy/canonical: 3,000/66,080 complete (4.5%), 1599.52 files/s, ETA 0m 39s.
EGraphAblationStudy/canonical: 4,000/66,080 complete (6.1%), 1841.62 files/s, ETA 0m 34s.
EGraphAblationStudy/canonical: 5,000/66,080 complete (7.6%), 2009.52 files/s, ETA 0m 30s.
EGraphAblationStudy/canonical: 6,000/66,080 complete (9.1%), 2166.39 files/s, ETA 0m 28s.
EGraphAblationStudy/canonical: 7,000/66,080 complete (10.6%), 2320.96 files/s, ETA 0m 25s.
EGraphAblationStudy/canonical: 8,000/66,080 complete (12.1%), 2440.35 files/s, ETA 0m 24s.
EGraphAblationStudy/canonical: 9,000/66,080 complete (13.6%), 2299.48 files/s, ETA 0m 25s.
EGraphAblationStudy/canonical: 10,000/66,080 complete (15.1%), 2214.48 files/s, ETA 0m 25s.
EGraphAblationStudy/canonical: 11,000/66,080 complete (16.6%), 2175.20 files/s, ETA 0m 25s.
EGraphAblationStudy/canonical: 12,000/66,080 complete (18.2%), 2137.39 files/s, ETA 0m 25s.
EGraphAblationStudy/canonical: 13,000/66,080 complete (19.7%), 2094.56 files/s, ETA 0m 25s.
EGraphAblationStudy/canonical: 14,000/66,080 complete (21.2%), 2056.96 files/s, ETA 0m 25s.
EGraphAblationStudy/canonical: 15,000/66,080 complete (22.7%), 2024.36 files/s, ETA 0m 25s.
EGraphAblationStudy/canonical: 16,000/66,080 complete (24.2%), 1998.71 files/s, ETA 0m 25s.
EGraphAblationStudy/canonical: 17,000/66,080 complete (25.7%), 1974.23 files/s, ETA 0m 25s.
EGraphAblationStudy/canonical: 18,000/66,080 complete (27.2%), 1960.07 files/s, ETA 0m 25s.
EGraphAblationStudy/canonical: 19,000/66,080 complete (28.8%), 1949.67 files/s, ETA 0m 24s.
EGraphAblationStudy/canonical: 20,000/66,080 complete (30.3%), 1938.43 files/s, ETA 0m 24s.
EGraphAblationStudy/canonical: 21,000/66,080 complete (31.8%), 1924.94 files/s, ETA 0m 23s.
EGraphAblationStudy/canonical: 22,000/66,080 complete (33.3%), 1910.86 files/s, ETA 0m 23s.
EGraphAblationStudy/canonical: 23,000/66,080 complete (34.8%), 1904.12 files/s, ETA 0m 23s.
EGraphAblationStudy/canonical: 24,000/66,080 complete (36.3%), 1935.94 files/s, ETA 0m 22s.
EGraphAblationStudy/canonical: 25,000/66,080 complete (37.8%), 1987.74 files/s, ETA 0m 21s.
EGraphAblationStudy/canonical: 26,000/66,080 complete (39.3%), 2038.05 files/s, ETA 0m 20s.
EGraphAblationStudy/canonical: 27,000/66,080 complete (40.9%), 2078.43 files/s, ETA 0m 19s.
EGraphAblationStudy/canonical: 28,000/66,080 complete (42.4%), 2119.67 files/s, ETA 0m 18s.
EGraphAblationStudy/canonical: 29,000/66,080 complete (43.9%), 2141.10 files/s, ETA 0m 17s.
EGraphAblationStudy/canonical: 30,000/66,080 complete (45.4%), 2162.87 files/s, ETA 0m 17s.
EGraphAblationStudy/canonical: 31,000/66,080 complete (46.9%), 2171.40 files/s, ETA 0m 16s.
EGraphAblationStudy/canonical: 32,000/66,080 complete (48.4%), 2182.98 files/s, ETA 0m 16s.
EGraphAblationStudy/canonical: 33,000/66,080 complete (49.9%), 2201.38 files/s, ETA 0m 15s.
EGraphAblationStudy/canonical: 34,000/66,080 complete (51.5%), 2217.66 files/s, ETA 0m 14s.
EGraphAblationStudy/canonical: 35,000/66,080 complete (53.0%), 2234.20 files/s, ETA 0m 14s.
EGraphAblationStudy/canonical: 36,000/66,080 complete (54.5%), 2255.67 files/s, ETA 0m 13s.
EGraphAblationStudy/canonical: 37,000/66,080 complete (56.0%), 2276.05 files/s, ETA 0m 13s.
EGraphAblationStudy/canonical: 38,000/66,080 complete (57.5%), 2295.93 files/s, ETA 0m 12s.
EGraphAblationStudy/canonical: 39,000/66,080 complete (59.0%), 2318.30 files/s, ETA 0m 12s.
EGraphAblationStudy/canonical: 40,000/66,080 complete (60.5%), 2339.05 files/s, ETA 0m 11s.
EGraphAblationStudy/canonical: 41,000/66,080 complete (62.0%), 2359.27 files/s, ETA 0m 11s.
EGraphAblationStudy/canonical: 42,000/66,080 complete (63.6%), 2380.27 files/s, ETA 0m 10s.
EGraphAblationStudy/canonical: 43,000/66,080 complete (65.1%), 2401.70 files/s, ETA 0m 10s.
EGraphAblationStudy/canonical: 44,000/66,080 complete (66.6%), 2421.19 files/s, ETA 0m 09s.
EGraphAblationStudy/canonical: 45,000/66,080 complete (68.1%), 2439.17 files/s, ETA 0m 09s.
EGraphAblationStudy/canonical: 46,000/66,080 complete (69.6%), 2454.75 files/s, ETA 0m 08s.
EGraphAblationStudy/canonical: 47,000/66,080 complete (71.1%), 2469.95 files/s, ETA 0m 08s.
EGraphAblationStudy/canonical: 48,000/66,080 complete (72.6%), 2485.56 files/s, ETA 0m 07s.
EGraphAblationStudy/canonical: 49,000/66,080 complete (74.2%), 2502.26 files/s, ETA 0m 07s.
EGraphAblationStudy/canonical: 50,000/66,080 complete (75.7%), 2516.18 files/s, ETA 0m 06s.
EGraphAblationStudy/canonical: 51,000/66,080 complete (77.2%), 2529.04 files/s, ETA 0m 06s.
EGraphAblationStudy/canonical: 52,000/66,080 complete (78.7%), 2543.66 files/s, ETA 0m 06s.
EGraphAblationStudy/canonical: 53,000/66,080 complete (80.2%), 2560.09 files/s, ETA 0m 05s.
EGraphAblationStudy/canonical: 54,000/66,080 complete (81.7%), 2575.60 files/s, ETA 0m 05s.
EGraphAblationStudy/canonical: 55,000/66,080 complete (83.2%), 2590.66 files/s, ETA 0m 04s.
EGraphAblationStudy/canonical: 56,000/66,080 complete (84.7%), 2597.12 files/s, ETA 0m 04s.
EGraphAblationStudy/canonical: 57,000/66,080 complete (86.3%), 2612.22 files/s, ETA 0m 03s.
EGraphAblationStudy/canonical: 58,000/66,080 complete (87.8%), 2635.98 files/s, ETA 0m 03s.
EGraphAblationStudy/canonical: 59,000/66,080 complete (89.3%), 2659.91 files/s, ETA 0m 03s.
EGraphAblationStudy/canonical: 60,000/66,080 complete (90.8%), 2679.63 files/s, ETA 0m 02s.
EGraphAblationStudy/canonical: 61,000/66,080 complete (92.3%), 2699.76 files/s, ETA 0m 02s.
EGraphAblationStudy/canonical: 62,000/66,080 complete (93.8%), 2721.82 files/s, ETA 0m 01s.
EGraphAblationStudy/canonical: 63,000/66,080 complete (95.3%), 2741.66 files/s, ETA 0m 01s.
EGraphAblationStudy/canonical: 64,000/66,080 complete (96.9%), 2761.10 files/s, ETA 0m 01s.
EGraphAblationStudy/canonical: 65,000/66,080 complete (98.4%), 2782.14 files/s, ETA 0m 00s.
EGraphAblationStudy/canonical: 66,000/66,080 complete (99.9%), 2803.19 files/s, ETA 0m 00s.
EGraphAblationStudy/canonical: 66,080/66,080 complete (100.0%), 2804.88 files/s, ETA 0m 00s.
EGraphAblationStudy/canonical/retry: processing 0 files.
EGraphAblationStudy/canonical/retry: 0/0 complete (100.0%), 0.00 files/s, ETA 0m 00s.
Completed canonical on 61598/66080 predicate pairs (skipped 4482 AST-identical pairs) in 23.570 s.
