Picked up JAVA_TOOL_OPTIONS: -Xmx8g -XX:+ExitOnOutOfMemoryError -XX:ErrorFile=/home/augustus/acgn-v215-full-20260908T190500Z/control/logs/hs_err_pid%p.log -Djava.io.tmpdir=/home/augustus/acgn-v215-full-20260908T190500Z/control/tmp
EGraphAblationStudy/java-egglog-debruijn: processing 5,500 files with 16 workers.
EGraphAblationStudy/java-egglog-debruijn: 275/5,500 complete (5.0%), 851.97 files/s, ETA 0m 06s.
EGraphAblationStudy/java-egglog-debruijn: 550/5,500 complete (10.0%), 1148.76 files/s, ETA 0m 04s.
EGraphAblationStudy/java-egglog-debruijn: 825/5,500 complete (15.0%), 1366.91 files/s, ETA 0m 03s.
EGraphAblationStudy/java-egglog-debruijn: 1,100/5,500 complete (20.0%), 1553.15 files/s, ETA 0m 03s.
EGraphAblationStudy/java-egglog-debruijn: 1,375/5,500 complete (25.0%), 1676.04 files/s, ETA 0m 02s.
EGraphAblationStudy/java-egglog-debruijn: 1,650/5,500 complete (30.0%), 1776.34 files/s, ETA 0m 02s.
EGraphAblationStudy/java-egglog-debruijn: 1,925/5,500 complete (35.0%), 1840.04 files/s, ETA 0m 02s.
EGraphAblationStudy/java-egglog-debruijn: 2,200/5,500 complete (40.0%), 1909.66 files/s, ETA 0m 02s.
EGraphAblationStudy/java-egglog-debruijn: 2,475/5,500 complete (45.0%), 1969.52 files/s, ETA 0m 02s.
EGraphAblationStudy/java-egglog-debruijn: 2,750/5,500 complete (50.0%), 2027.61 files/s, ETA 0m 01s.
EGraphAblationStudy/java-egglog-debruijn: 3,025/5,500 complete (55.0%), 2086.60 files/s, ETA 0m 01s.
EGraphAblationStudy/java-egglog-debruijn: 3,300/5,500 complete (60.0%), 2132.26 files/s, ETA 0m 01s.
EGraphAblationStudy/java-egglog-debruijn: 3,575/5,500 complete (65.0%), 2171.07 files/s, ETA 0m 01s.
EGraphAblationStudy/java-egglog-debruijn: 3,850/5,500 complete (70.0%), 2205.10 files/s, ETA 0m 01s.
EGraphAblationStudy/java-egglog-debruijn: 4,125/5,500 complete (75.0%), 2237.23 files/s, ETA 0m 01s.
EGraphAblationStudy/java-egglog-debruijn: 4,400/5,500 complete (80.0%), 2249.41 files/s, ETA 0m 00s.
EGraphAblationStudy/java-egglog-debruijn: 4,675/5,500 complete (85.0%), 2269.72 files/s, ETA 0m 00s.
EGraphAblationStudy/java-egglog-debruijn: 4,950/5,500 complete (90.0%), 2296.79 files/s, ETA 0m 00s.
EGraphAblationStudy/java-egglog-debruijn: 5,225/5,500 complete (95.0%), 2330.11 files/s, ETA 0m 00s.
EGraphAblationStudy/java-egglog-debruijn: 5,500/5,500 complete (100.0%), 2357.91 files/s, ETA 0m 00s.
EGraphAblationStudy/java-egglog-debruijn/retry: processing 0 files.
EGraphAblationStudy/java-egglog-debruijn/retry: 0/0 complete (100.0%), 0.00 files/s, ETA 0m 00s.
Completed java-egglog-debruijn on 5500/5500 predicate pairs (skipped 0 AST-identical pairs) in 2.340 s.
