Picked up JAVA_TOOL_OPTIONS: -Xmx8g -XX:+ExitOnOutOfMemoryError -XX:ErrorFile=/home/augustus/acgn-v215-full-20260908T190500Z/control/logs/hs_err_pid%p.log -Djava.io.tmpdir=/home/augustus/acgn-v215-full-20260908T190500Z/control/tmp
EGraphAblationStudy/raw-egraph: processing 5,500 files with 16 workers.
EGraphAblationStudy/raw-egraph: 275/5,500 complete (5.0%), 872.23 files/s, ETA 0m 06s.
EGraphAblationStudy/raw-egraph: 550/5,500 complete (10.0%), 1205.20 files/s, ETA 0m 04s.
EGraphAblationStudy/raw-egraph: 825/5,500 complete (15.0%), 1420.53 files/s, ETA 0m 03s.
EGraphAblationStudy/raw-egraph: 1,100/5,500 complete (20.0%), 1573.19 files/s, ETA 0m 03s.
EGraphAblationStudy/raw-egraph: 1,375/5,500 complete (25.0%), 1696.50 files/s, ETA 0m 02s.
EGraphAblationStudy/raw-egraph: 1,650/5,500 complete (30.0%), 1790.41 files/s, ETA 0m 02s.
EGraphAblationStudy/raw-egraph: 1,925/5,500 complete (35.0%), 1855.64 files/s, ETA 0m 02s.
EGraphAblationStudy/raw-egraph: 2,200/5,500 complete (40.0%), 1924.86 files/s, ETA 0m 02s.
EGraphAblationStudy/raw-egraph: 2,475/5,500 complete (45.0%), 1981.89 files/s, ETA 0m 02s.
EGraphAblationStudy/raw-egraph: 2,750/5,500 complete (50.0%), 2049.06 files/s, ETA 0m 01s.
EGraphAblationStudy/raw-egraph: 3,025/5,500 complete (55.0%), 2109.60 files/s, ETA 0m 01s.
EGraphAblationStudy/raw-egraph: 3,300/5,500 complete (60.0%), 2156.88 files/s, ETA 0m 01s.
EGraphAblationStudy/raw-egraph: 3,575/5,500 complete (65.0%), 2197.95 files/s, ETA 0m 01s.
EGraphAblationStudy/raw-egraph: 3,850/5,500 complete (70.0%), 2229.76 files/s, ETA 0m 01s.
EGraphAblationStudy/raw-egraph: 4,125/5,500 complete (75.0%), 2257.16 files/s, ETA 0m 01s.
EGraphAblationStudy/raw-egraph: 4,400/5,500 complete (80.0%), 2271.13 files/s, ETA 0m 00s.
EGraphAblationStudy/raw-egraph: 4,675/5,500 complete (85.0%), 2295.69 files/s, ETA 0m 00s.
EGraphAblationStudy/raw-egraph: 4,950/5,500 complete (90.0%), 2317.46 files/s, ETA 0m 00s.
EGraphAblationStudy/raw-egraph: 5,225/5,500 complete (95.0%), 2347.84 files/s, ETA 0m 00s.
EGraphAblationStudy/raw-egraph: 5,500/5,500 complete (100.0%), 2372.86 files/s, ETA 0m 00s.
EGraphAblationStudy/raw-egraph/retry: processing 0 files.
EGraphAblationStudy/raw-egraph/retry: 0/0 complete (100.0%), 0.00 files/s, ETA 0m 00s.
Completed raw-egraph on 5500/5500 predicate pairs (skipped 0 AST-identical pairs) in 2.326 s.
